// Jest Snapshot v1, https://goo.gl/fbAQLP

exports[`ServiceObject service status renders correctly 1`] = `
<ServiceObjectContainer
  getServices={[Function]}
  service={
    Object {
      "critical": Object {
        "classe": "error",
        "total": "5",
        "unhandled": "0",
        "url": "./main.php?p=20201&o=svc_critical&search=",
      },
      "dataFetched": true,
      "error": null,
      "isFetching": true,
      "ok": Object {
        "classe": "success",
        "total": "58",
        "url": "./main.php?p=20201&o=svc_ok&search=",
      },
      "pending": Object {
        "classe": "pending",
        "total": "2",
        "url": "./main.php?p=20201&o=svc_pending&search=",
      },
      "refreshTime": 90000,
      "total": 150,
      "unknown": Object {
        "classe": "unknown",
        "total": "0",
        "unhandled": "0",
        "url": "./main.php?p=20201&o=svc_unknown&search=",
      },
      "url": "./main.php?p=20201&o=svc&search=",
      "warning": Object {
        "classe": "warning",
        "total": "5",
        "unhandled": "0",
        "url": "./main.php?p=20201&o=svc_warning&search=",
      },
    }
  }
  store={
    Object {
      "clearActions": [Function],
      "dispatch": [Function],
      "getActions": [Function],
      "getState": [Function],
      "replaceReducer": [Function],
      "subscribe": [Function],
    }
  }
  storeSubscription={
    Subscription {
      "listeners": Object {
        "clear": [Function],
        "get": [Function],
        "notify": [Function],
        "subscribe": [Function],
      },
      "onStateChange": [Function],
      "parentSub": undefined,
      "store": Object {
        "clearActions": [Function],
        "dispatch": [Function],
        "getActions": [Function],
        "getState": [Function],
        "replaceReducer": [Function],
        "subscribe": [Function],
      },
      "unsubscribe": [Function],
    }
  }
/>
`;
