// Jest Snapshot v1, https://goo.gl/fbAQLP

exports[`UserProfile User Component renders correctly 1`] = `
<UserProfileContainer
  autoLogin={[Function]}
  getUser={[Function]}
  store={
    Object {
      "clearActions": [Function],
      "dispatch": [Function],
      "getActions": [Function],
      "getState": [Function],
      "replaceReducer": [Function],
      "subscribe": [Function],
    }
  }
  storeSubscription={
    Subscription {
      "listeners": Object {
        "clear": [Function],
        "get": [Function],
        "notify": [Function],
        "subscribe": [Function],
      },
      "onStateChange": [Function],
      "parentSub": undefined,
      "store": Object {
        "clearActions": [Function],
        "dispatch": [Function],
        "getActions": [Function],
        "getState": [Function],
        "replaceReducer": [Function],
        "subscribe": [Function],
      },
      "unsubscribe": [Function],
    }
  }
  user={
    Object {
      "autologinkey": "f855810b7eafb9cfb0c3d74c62af0fb2e2647939",
      "fullname": "admin",
      "hasAccessToProfile": false,
      "locale": "en_US",
      "soundNotificationsEnabled": false,
      "timezone": "65",
      "username": "admin",
    }
  }
/>
`;
