// Jest Snapshot v1, https://goo.gl/fbAQLP

exports[`Nav Nav Component renders correctly 1`] = `
<NavContainer
  getNavItems={[Function]}
  nav={
    Object {
      "data": Array [
        Object {
          "children": Array [
            Object {
              "children": Array [],
              "label": "home",
              "url": "",
            },
          ],
          "label": "home",
          "url": "",
        },
      ],
    }
  }
  store={
    Object {
      "clearActions": [Function],
      "dispatch": [Function],
      "getActions": [Function],
      "getState": [Function],
      "replaceReducer": [Function],
      "subscribe": [Function],
    }
  }
  storeSubscription={
    Subscription {
      "listeners": Object {
        "clear": [Function],
        "get": [Function],
        "notify": [Function],
        "subscribe": [Function],
      },
      "onStateChange": [Function],
      "parentSub": undefined,
      "store": Object {
        "clearActions": [Function],
        "dispatch": [Function],
        "getActions": [Function],
        "getState": [Function],
        "replaceReducer": [Function],
        "subscribe": [Function],
      },
      "unsubscribe": [Function],
    }
  }
/>
`;
