// Jest Snapshot v1, https://goo.gl/fbAQLP

exports[`BreadcrumbWrapper renders 1`] = `
.emotion-2 {
  padding: 4px 16px;
}

.emotion-2 .MuiBreadcrumbs-li {
  display: -webkit-box;
  display: -webkit-flex;
  display: -ms-flexbox;
  display: flex;
}

.emotion-0 {
  font-size: 12px;
}

<nav
  aria-label="Breadcrumb"
  class="MuiTypography-root MuiBreadcrumbs-root emotion-2 MuiTypography-body1 MuiTypography-colorTextSecondary"
>
  <ol
    class="MuiBreadcrumbs-ol"
  >
    <li
      class="MuiBreadcrumbs-li"
    >
      <a
        class="MuiTypography-root MuiLink-root MuiLink-underlineHover emotion-0 MuiTypography-colorInherit"
        href="/main.php?p=1"
      >
        Home
      </a>
    </li>
    <li
      aria-hidden="true"
      class="PrivateBreadcrumbSeparator-root-41 MuiBreadcrumbs-separator"
    >
      <svg
        aria-hidden="true"
        class="MuiSvgIcon-root MuiSvgIcon-fontSizeSmall"
        focusable="false"
        role="presentation"
        viewBox="0 0 24 24"
      >
        <path
          d="M10 6L8.59 7.41 13.17 12l-4.58 4.59L10 18l6-6z"
        />
      </svg>
    </li>
    <li
      class="MuiBreadcrumbs-li"
    >
      <a
        class="MuiTypography-root MuiLink-root MuiLink-underlineHover emotion-0 MuiTypography-colorTextPrimary"
        href="/home/customViews"
      >
        Custom Views
      </a>
    </li>
  </ol>
</nav>
`;
