// Jest Snapshot v1, https://goo.gl/fbAQLP

exports[`PollerFormStepTwo renders 1`] = `
<div
  class="form-wrapper"
>
  <div
    class="form-inner"
  >
    <form
      autocomplete="off"
    >
      <h2
        class="form-title"
      >
        <span>
          Attach poller to a master remote server
        </span>
      </h2>
      <div
        class="form-group select"
      >
        <select
          class="form-control custom-select"
          id="field-linked_remote_master-1"
          name="linked_remote_master"
        >
          <option />
          <option
            label="poller1"
            value="1"
          >
            poller1
          </option>
          <option
            label="poller2"
            value="2"
          >
            poller2
          </option>
        </select>
      </div>
      <div
        class="form-group"
      >
        <div
          class="custom-control custom-checkbox orange"
        >
          <input
            class="custom-control-input"
            id="field-open_broker_flow-2"
            name="open_broker_flow"
            type="checkbox"
            value="false"
          />
          <label
            class="custom-control-label"
            for="field-open_broker_flow-2"
          >
            Advanced: reverse Centreon Broker communication flow
          </label>
        </div>
      </div>
      <div
        class="form-buttons"
      >
        <button
          class="button"
          type="submit"
        >
          <span>
            Apply
          </span>
        </button>
      </div>
    </form>
  </div>
</div>
`;
