// Jest Snapshot v1, https://goo.gl/fbAQLP

exports[`ClockObject Clock renders correctly 1`] = `
<ClockContainer
  clock={
    Object {
      "dataFetched": true,
      "date": 1525425186,
      "isFetching": false,
      "locale": "en_US",
      "refreshTime": 120000,
      "time": 1525425186,
      "timezone": "America/Argentina/Salta",
    }
  }
  getClock={[Function]}
  store={
    Object {
      "clearActions": [Function],
      "dispatch": [Function],
      "getActions": [Function],
      "getState": [Function],
      "replaceReducer": [Function],
      "subscribe": [Function],
    }
  }
  storeSubscription={
    Subscription {
      "listeners": Object {
        "clear": [Function],
        "get": [Function],
        "notify": [Function],
        "subscribe": [Function],
      },
      "onStateChange": [Function],
      "parentSub": undefined,
      "store": Object {
        "clearActions": [Function],
        "dispatch": [Function],
        "getActions": [Function],
        "getState": [Function],
        "replaceReducer": [Function],
        "subscribe": [Function],
      },
      "unsubscribe": [Function],
    }
  }
  timeDispatcher={[Function]}
/>
`;
